// Jest Snapshot v1, https://goo.gl/fbAQLP

exports[`<Widget /> open/close 1`] = `
<Widget>
  <div
    className="docked-widget"
    style={
      Object {
        "right": "20px",
      }
    }
  >
    <Transition
      appear={false}
      enter={true}
      exit={true}
      in={false}
      mountOnEnter={false}
      onEnter={[Function]}
      onEntered={[Function]}
      onEntering={[Function]}
      onExit={[Function]}
      onExited={[Function]}
      onExiting={[Function]}
      timeout={250}
      unmountOnExit={false}
    >
      <div
        className="widget widget-exited"
      >
        <ButtonsList
          left={false}
          onButtonClick={[Function]}
          parsers={Array []}
        >
          <div />
        </ButtonsList>
        <MainButton
          altText="Close"
          backgroundColor="#969696"
          handleToggleOpen={[Function]}
          image="close.svg"
          left={false}
        >
          <div
            className="buttonDock"
            style={
              Object {
                "justifyContent": "flex-end",
              }
            }
          >
            <div
              className="buttonWrapper"
              onClick={[Function]}
              style={
                Object {
                  "backgroundColor": "#969696",
                }
              }
            >
              <img
                alt="Close"
                height={50}
                src="close.svg"
                width={50}
              />
            </div>
          </div>
        </MainButton>
      </div>
    </Transition>
    <MainButton
      altText="sliza.ru"
      backgroundColor="#DD9021"
      handleToggleOpen={[Function]}
      image="slizaDock.svg"
      left={false}
    >
      <div
        className="buttonDock"
        style={
          Object {
            "justifyContent": "flex-end",
          }
        }
      >
        <div
          className="buttonWrapper"
          onClick={[Function]}
          style={
            Object {
              "backgroundColor": "#DD9021",
            }
          }
        >
          <img
            alt="sliza.ru"
            height={50}
            src="slizaDock.svg"
            width={50}
          />
        </div>
      </div>
    </MainButton>
  </div>
</Widget>
`;

exports[`<Widget /> open/close 2`] = `
<Widget>
  <div
    className="docked-widget"
  >
    <Transition
      appear={false}
      enter={true}
      exit={true}
      in={true}
      mountOnEnter={false}
      onEnter={[Function]}
      onEntered={[Function]}
      onEntering={[Function]}
      onExit={[Function]}
      onExited={[Function]}
      onExiting={[Function]}
      timeout={250}
      unmountOnExit={false}
    >
      <div
        className="widget widget-entering"
      >
        <div
          className="widget-header"
        >
          <div
            className="widget-header-title"
          >
            Header
          </div>
          <a
            className="widget-header-icon"
            onClick={[Function]}
          >
            X
          </a>
        </div>
        <div
          className="widget-body"
        >
          Body
        </div>
        <div
          className="widget-footer"
        >
          Footer
        </div>
      </div>
    </Transition>
  </div>
</Widget>
`;

exports[`<Widget /> open/close 3`] = `
<Widget>
  <div
    className="docked-widget"
  >
    <Transition
      appear={false}
      enter={true}
      exit={true}
      in={false}
      mountOnEnter={false}
      onEnter={[Function]}
      onEntered={[Function]}
      onEntering={[Function]}
      onExit={[Function]}
      onExited={[Function]}
      onExiting={[Function]}
      timeout={250}
      unmountOnExit={false}
    >
      <div
        className="widget widget-exited"
      >
        <div
          className="widget-header"
        >
          <div
            className="widget-header-title"
          >
            Header
          </div>
          <a
            className="widget-header-icon"
            onClick={[Function]}
          >
            X
          </a>
        </div>
        <div
          className="widget-body"
        >
          Body
        </div>
        <div
          className="widget-footer"
        >
          Footer
        </div>
      </div>
    </Transition>
    <a
      className="dock"
      onClick={[Function]}
    >
      ^ OPEN ^
    </a>
  </div>
</Widget>
`;
